<testsuite errors="0" failures="0" name="Django Project Tests" skips="0" tests="27" time="7.791"><testcase classname="blogengine.tests.PostTest" name="test_create_category" time="0.002931" /><testcase classname="blogengine.tests.PostTest" name="test_create_post" time="0.016522" /><testcase classname="blogengine.tests.PostTest" name="test_create_romanian_post" time="0.015434" /><testcase classname="blogengine.tests.PostTest" name="test_create_tag" time="0.002584" /><testcase classname="blogengine.tests.PostTest" name="test_duplicate_slug" time="0.022099" /><testcase classname="blogengine.tests.AdminTest" name="test_create_admin_post" time="0.408959" /><testcase classname="blogengine.tests.AdminTest" name="test_create_category" time="0.250691" /><testcase classname="blogengine.tests.AdminTest" name="test_create_tag" time="0.220936" /><testcase classname="blogengine.tests.AdminTest" name="test_delete_category" time="0.166881" /><testcase classname="blogengine.tests.AdminTest" name="test_delete_post" time="0.173015" /><testcase classname="blogengine.tests.AdminTest" name="test_delete_tag" time="0.163211" /><testcase classname="blogengine.tests.AdminTest" name="test_edit_category" time="0.174032" /><testcase classname="blogengine.tests.AdminTest" name="test_edit_post" time="0.190492" /><testcase classname="blogengine.tests.AdminTest" name="test_edit_tag" time="0.176062" /><testcase classname="blogengine.tests.AdminTest" name="test_login" time="0.183408" /><testcase classname="blogengine.tests.AdminTest" name="test_logout" time="0.185768" /><testcase classname="blogengine.tests.FeedTest" name="test_all_post_feed" time="0.025918" /><testcase classname="blogengine.tests.FlatPageViewTest" name="test_create_flatpage" time="0.025850" /><testcase classname="blogengine.tests.PostCreateViewTest" name="test_create_notvalid_post_form" time="0.283137" /><testcase classname="blogengine.tests.PostCreateViewTest" name="test_create_post_Auth" time="0.185468" /><testcase classname="blogengine.tests.PostCreateViewTest" name="test_create_post_nonAuth" time="0.006521" /><testcase classname="blogengine.tests.PostCreateViewTest" name="test_create_valid_post_form" time="0.198540" /><testcase classname="blogengine.tests.PostViewTest" name="test_category_page" time="0.042062" /><testcase classname="blogengine.tests.PostViewTest" name="test_index" time="0.035666" /><testcase classname="blogengine.tests.PostViewTest" name="test_post_page" time="0.030337" /><testcase classname="blogengine.tests.PostViewTest" name="test_tag_page" time="0.068841" /><testcase classname="blogengine.tests.SiteMapTest" name="test_sitemap" time="0.022124" /></testsuite>